{"id":0,"note":"","nested":{"v":[0,0]}}
{"id":1,"note":"xxx","nested":{"v":[1,2]}}
{"id":2,"note":"xxxxxx","nested":{"v":[2,4]}}
{"id":3,"note":"xxxxxxxxx","nested":{"v":[3,6]}}
{"id":4,"note":"xxxxxxxxxxxx","nested":{"v":[4,8]}}
{"id":5,"note":"xxxxxxxxxxxxxxx","nested":{"v":[5,10]}}
{"id":6,"note":"xxxxxxxxxxxxxxxxxx","nested":{"v":[6,12]}}
{"id":7,"note":"xxxxxxxxxxxxxxxxxxxxx","nested":{"v":[7,14]}}
{"id":8,"note":"xxxxxxxxxxxxxxxxxxxxxxxx","nested":{"v":[8,16]}}
{"id":9,"note":"xxxxxxxxxxxxxxxxxxxxxxxxxxx","nested":{"v":[9,18]}}
{"id":10,"note":"xxxxxxxxxxxxxxxxxxxxxxxxxxxxxx","nested":{"v":[10,20]}}
{"id":11,"note":"xxxxxxxxxxxxxxxxxxxxxxxxxxxxxxxxx","nested":{"v":[11,22]}}
{"id":12,"note":"xxxxxxxxxxxxxxxxxxxxxxxxxxxxxxxxxxxx","nested":{"v":[12,24]}}
{"id":13,"note":"xxxxxxxxxxxxxxxxxxxxxxxxxxxxxxxxxxxxxxx","nested":{"v":[13,26]}}
{"id":14,"note":"xxxxxxxxxxxxxxxxxxxxxxxxxxxxxxxxxxxxxxxxxx","nested":{"v":[14,28]}}
{"id":15,"note":"xxxxxxxxxxxxxxxxxxxxxxxxxxxxxxxxxxxxxxxxxxxxx","nested":{"v":[15,30]}}
{"id":16,"note":"xxxxxxxxxxxxxxxxxxxxxxxxxxxxxxxxxxxxxxxxxxxxxxxx","nested":{"v":[16,32]}}
{"id":17,"note":"xxxxxxxxxxxxxxxxxxxxxxxxxxxxxxxxxxxxxxxxxxxxxxxxxxx","nested":{"v":[17,34]}}
{"id":18,"note":"xxxxxxxxxxxxxxxxxxxxxxxxxxxxxxxxxxxxxxxxxxxxxxxxxxxxxx","nested":{"v":[18,36]}}
{"id":19,"note":"xxxxxxxxxxxxxxxxxxxxxxxxxxxxxxxxxxxxxxxxxxxxxxxxxxxxxxxxx","nested":{"v":[19,38]}}
{"id":20,"note":"xxxxxxxxxxxxxxxxxxxxxxxxxxxxxxxxxxxxxxxxxxxxxxxxxxxxxxxxxxxx","nested":{"v":[20,40]}}
{"id":21,"note":"xx","nested":{"v":[21,42]}}
{"id":22,"note":"xxxxx","nested":{"v":[22,44]}}
{"id":23,"note":"xxxxxxxx","nested":{"v":[23,46]}}
{"id":24,"note":"xxxxxxxxxxx","nested":{"v":[24,48]}}
{"id":25,"note":"xxxxxxxxxxxxxx","nested":{"v":[25,50]}}
{"id":26,"note":"xxxxxxxxxxxxxxxxx","nested":{"v":[26,52]}}
{"id":27,"note":"xxxxxxxxxxxxxxxxxxxx","nested":{"v":[27,54]}}
{"id":28,"note":"xxxxxxxxxxxxxxxxxxxxxxx","nested":{"v":[28,56]}}
{"id":29,"note":"xxxxxxxxxxxxxxxxxxxxxxxxxx","nested":{"v":[29,58]}}
{"id":30,"note":"xxxxxxxxxxxxxxxxxxxxxxxxxxxxx","nested":{"v":[30,60]}}
{"id":31,"note":"xxxxxxxxxxxxxxxxxxxxxxxxxxxxxxxx","nested":{"v":[31,62]}}
{"id":32,"note":"xxxxxxxxxxxxxxxxxxxxxxxxxxxxxxxxxxx","nested":{"v":[32,64]}}
{"id":33,"note":"xxxxxxxxxxxxxxxxxxxxxxxxxxxxxxxxxxxxxx","nested":{"v":[33,66]}}
{"id":34,"note":"xxxxxxxxxxxxxxxxxxxxxxxxxxxxxxxxxxxxxxxxx","nested":{"v":[34,68]}}
{"id":35,"note":"xxxxxxxxxxxxxxxxxxxxxxxxxxxxxxxxxxxxxxxxxxxx","nested":{"v":[35,70]}}
{"id":36,"note":"xxxxxxxxxxxxxxxxxxxxxxxxxxxxxxxxxxxxxxxxxxxxxxx","nested":{"v":[36,72]}}
{"id":37,"note":"xxxxxxxxxxxxxxxxxxxxxxxxxxxxxxxxxxxxxxxxxxxxxxxxxx","nested":{"v":[37,74]}}
{"id":38,"note":"xxxxxxxxxxxxxxxxxxxxxxxxxxxxxxxxxxxxxxxxxxxxxxxxxxxxx","nested":{"v":[38,76]}}
{"id":39,"note":"xxxxxxxxxxxxxxxxxxxxxxxxxxxxxxxxxxxxxxxxxxxxxxxxxxxxxxxx","nested":{"v":[39,78]}}
